// Jest Snapshot v1, https://goo.gl/fbAQLP

exports[`Styles matches FormCheckInput disabled 1`] = `
.c1 {
  margin: 0;
  font-family: inherit;
  font-size: inherit;
  line-height: inherit;
  overflow: visible;
}

.c0 {
  position: absolute;
  margin-top: 0.3rem;
  margin-left: -1.25rem;
  box-sizing: border-box;
  color: #6c757d;
}

.c0 + label {
  color: #6c757d;
}

<input
  className="c0 c1"
  disabled={true}
/>
`;
