// Jest Snapshot v1, https://goo.gl/fbAQLP

exports[`Styles matches A 1`] = `
.c0 {
  color: #007bff;
  text-decoration: none;
  background-color: transparent;
}

.c0:hover {
  color: #0056b3;
  text-decoration: underline;
}

<a
  className="c0"
/>
`;
