// Jest Snapshot v1, https://goo.gl/fbAQLP

exports[`Styles matches Abbr 1`] = `
.c0 {
  text-decoration: underline dotted;
  cursor: help;
  border-bottom: 0;
}

<abbr
  className="c0"
/>
`;
