// Jest Snapshot v1, https://goo.gl/fbAQLP

exports[`Styles matches FormControlFile 1`] = `
.c1 {
  margin: 0;
  font-family: inherit;
  font-size: inherit;
  line-height: inherit;
  overflow: visible;
}

.c0 {
  display: block;
  width: 100%;
  box-sizing: border-box;
}

<input
  className="c0 c1"
/>
`;
