// Jest Snapshot v1, https://goo.gl/fbAQLP

exports[`Styles matches PopoverHeader bottom 1`] = `
.c1 {
  margin-top: 0;
  margin-bottom: 0.5rem;
  margin-bottom: 0.5rem;
  font-family: inherit;
  font-weight: 500;
  line-height: 1.2;
  color: inherit;
  font-size: 1.5rem;
}

.c0 {
  padding: 0.5rem 0.75rem;
  margin-bottom: 0;
  font-size: 1rem;
  color: inherit;
  background-color: #f7f7f7;
  border-bottom: 1px solid #ebebeb;
  border-top-left-radius: calc(0.3rem - 1px);
  border-top-right-radius: calc(0.3rem - 1px);
  position: absolute;
  top: 0;
  left: 50%;
  display: block;
  width: 1rem;
  margin-left: -0.5rem;
  content: "";
  border-bottom: 1px solid #f7f7f7;
}

.c0:empty {
  display: none;
}

<h4
  className="c0 c1"
/>
`;
